2026-06-04 11:50:07 [main] INFO  com.xsj.Main - Starting Main using Java 21.0.7 with PID 16028 (D:\TapTapGameSphere-rd\Game-rd\target\classes started by 28227 in D:\TapTapGameSphere-rd)
2026-06-04 11:50:07 [main] INFO  com.xsj.Main - No active profile set, falling back to 1 default profile: "default"
2026-06-04 11:50:09 [main] INFO  o.s.d.r.config.RepositoryConfigurationDelegate - Multiple Spring Data modules found, entering strict repository configuration mode
2026-06-04 11:50:09 [main] INFO  o.s.d.r.config.RepositoryConfigurationDelegate - Bootstrapping Spring Data Redis repositories in DEFAULT mode.
2026-06-04 11:50:09 [main] INFO  o.s.d.r.config.RepositoryConfigurationDelegate - Finished Spring Data repository scanning in 51 ms. Found 0 Redis repository interfaces.
2026-06-04 11:50:11 [main] INFO  o.s.boot.web.embedded.tomcat.TomcatWebServer - Tomcat initialized with port 8082 (http)
2026-06-04 11:50:11 [main] INFO  org.apache.catalina.core.AprLifecycleListener - Loaded Apache Tomcat Native library [2.0.8] using APR version [1.7.4].
2026-06-04 11:50:11 [main] INFO  org.apache.catalina.core.AprLifecycleListener - OpenSSL successfully initialized [OpenSSL 3.0.14 4 Jun 2024]
2026-06-04 11:50:11 [main] INFO  org.apache.catalina.core.StandardService - Starting service [Tomcat]
2026-06-04 11:50:11 [main] INFO  org.apache.catalina.core.StandardEngine - Starting Servlet engine: [Apache Tomcat/10.1.19]
2026-06-04 11:50:11 [main] INFO  o.a.c.c.ContainerBase.[Tomcat].[localhost].[/api] - Initializing Spring embedded WebApplicationContext
2026-06-04 11:50:11 [main] INFO  o.s.b.w.s.c.ServletWebServerApplicationContext - Root WebApplicationContext: initialization completed in 3586 ms
2026-06-04 11:50:13 [main] INFO  com.xsj.crawler.igdb.IgdbApiClient - Token 客户端已配置代理：127.0.0.1:9674
2026-06-04 11:50:13 [main] INFO  com.xsj.crawler.igdb.IgdbApiClient - IGDB API 客户端已配置为直连模式
2026-06-04 11:50:13 [main] WARN  o.s.b.a.s.s.UserDetailsServiceAutoConfiguration - 

Using generated security password: dcee5df4-dcd9-4076-a378-0f70d0e1f6ac

This generated password is for development use only. Your security configuration must be updated before running your application in production.

2026-06-04 11:50:13 [main] INFO  com.xsj.config.WebSocketConfig - 注册 WebSocket 处理器: /ws/chat
2026-06-04 11:50:13 [main] INFO  com.xsj.config.WebSocketConfig - WebSocket 处理器注册完成
2026-06-04 11:50:14 [main] INFO  com.xsj.config.WebConfig - 开始配置资源处理器
2026-06-04 11:50:14 [main] INFO  o.s.security.web.DefaultSecurityFilterChain - Will secure com.xsj.config.SecurityConfig$$Lambda/0x000002e4016dbd80@6f17dd06 with [org.springframework.security.web.session.DisableEncodeUrlFilter@7977f046, org.springframework.security.web.context.request.async.WebAsyncManagerIntegrationFilter@6ec98ccc, org.springframework.security.web.context.SecurityContextHolderFilter@4d0abb23, org.springframework.security.web.header.HeaderWriterFilter@67ecf7ed, org.springframework.web.filter.CorsFilter@441aa7ae, org.springframework.security.web.authentication.logout.LogoutFilter@23933031, com.xsj.interceptor.JwtAuthenticationInterceptor@1a2773a8, org.springframework.security.web.savedrequest.RequestCacheAwareFilter@10e8c7a2, org.springframework.security.web.servletapi.SecurityContextHolderAwareRequestFilter@5d8fd077, org.springframework.security.web.authentication.AnonymousAuthenticationFilter@1534bdc6, org.springframework.security.web.session.SessionManagementFilter@66682e8f, org.springframework.security.web.access.ExceptionTranslationFilter@776e7dfb, org.springframework.security.web.access.intercept.AuthorizationFilter@19c1f6f4]
2026-06-04 11:50:14 [main] INFO  com.xsj.config.SwaggerConfig - 初始化 Swagger OpenAPI 配置
2026-06-04 11:50:15 [main] INFO  o.s.boot.web.embedded.tomcat.TomcatWebServer - Tomcat started on port 8082 (http) with context path '/api'
2026-06-04 11:50:15 [main] INFO  com.xsj.Main - Started Main in 8.967 seconds (process running for 10.473)
2026-06-04 12:05:16 [http-nio-8082-exec-4] INFO  o.a.c.c.ContainerBase.[Tomcat].[localhost].[/api] - Initializing Spring DispatcherServlet 'dispatcherServlet'
2026-06-04 12:05:16 [http-nio-8082-exec-4] INFO  org.springframework.web.servlet.DispatcherServlet - Initializing Servlet 'dispatcherServlet'
2026-06-04 12:05:17 [http-nio-8082-exec-4] INFO  org.springframework.web.servlet.DispatcherServlet - Completed initialization in 2 ms
2026-06-04 12:05:17 [http-nio-8082-exec-5] INFO  com.xsj.controller.RecommendationController - 数据库中共有 809 个游戏，userId=null
2026-06-04 12:05:17 [http-nio-8082-exec-5] INFO  com.xsj.controller.RecommendationController - 游客模式，返回热门游戏
